#-----------------------------------------------------------
# Vivado v2024.1 (64-bit)
# SW Build 5076996 on Wed May 22 18:37:14 MDT 2024
# IP Build 5075265 on Wed May 22 21:45:21 MDT 2024
# SharedData Build 5076995 on Wed May 22 18:29:18 MDT 2024
# Start of session at: Tue Apr  1 20:32:06 2025
# Process ID: 3152
# Current directory: C:/Users/sergi/Downloads/4to/SED/Lab/Lab_sed/Trabajo-SED-VDHL-2/Trabajo_SED_2
# Command line: vivado.exe -gui_launcher_event rodinguilauncherevent2608 C:\Users\sergi\Downloads\4to\SED\Lab\Lab_sed\Trabajo-SED-VDHL-2\Trabajo_SED_2\Trabajo_SED_2.xpr
# Log file: C:/Users/sergi/Downloads/4to/SED/Lab/Lab_sed/Trabajo-SED-VDHL-2/Trabajo_SED_2/vivado.log
# Journal file: C:/Users/sergi/Downloads/4to/SED/Lab/Lab_sed/Trabajo-SED-VDHL-2/Trabajo_SED_2\vivado.jou
# Running On        :DESKTOP-81MS265
# Platform          :Windows Server 2016 or Windows 10
# Operating System  :26100
# Processor Detail  :Intel(R) Core(TM) i5-10210U CPU @ 1.60GHz
# CPU Frequency     :2112 MHz
# CPU Physical cores:4
# CPU Logical cores :8
# Host memory       :8376 MB
# Swap memory       :5100 MB
# Total Virtual     :13476 MB
# Available Virtual :6395 MB
#-----------------------------------------------------------
start_gui
open_project C:/Users/sergi/Downloads/4to/SED/Lab/Lab_sed/Trabajo-SED-VDHL-2/Trabajo_SED_2/Trabajo_SED_2.xpr
update_compile_order -fileset sources_1
launch_simulation
source FSM_tb.tcl
close_sim
launch_simulation
source FSM_tb.tcl
close_sim
